// Vitest Snapshot v1, https://vitest.dev/guide/snapshot.html

exports[`Footer > should match snapshot 1`] = `
<DocumentFragment>
  <footer
    class="flex justify-between items-center px-4 py-2 border-t border-gray-200 text-gray-600 w-full"
  >
    <span>
      <strong
        class="font-semibold"
      >
        0
      </strong>
       outstanding tasks
    </span>
  </footer>
</DocumentFragment>
`;
