// Vitest Snapshot v1, https://vitest.dev/guide/snapshot.html

exports[`App > should match snapshot 1`] = `
<DocumentFragment>
  <header>
    <h1
      class="text-4xl font-bold text-center my-4"
    >
      To-Do List
    </h1>
    <form
      class="flex flex-col gap-3 m-4"
    >
      <input
        class="rounded-lg px-4 py-2 border border-gray-300 focus:outline-none focus:ring-2 focus:ring-black"
        placeholder="Add a task"
        value=""
      />
    </form>
  </header>
</DocumentFragment>
`;

exports[`Header > should match snapshot 1`] = `
<DocumentFragment>
  <header>
    <h1
      class="text-4xl font-bold text-center my-4"
    >
      To-Do List
    </h1>
    <form
      class="flex flex-col gap-3 m-4"
    >
      <input
        class="rounded-lg px-4 py-2 border border-gray-300 focus:outline-none focus:ring-2 focus:ring-black"
        placeholder="Add a task"
        value=""
      />
    </form>
  </header>
</DocumentFragment>
`;
